127.0.0.1 - - [20/Jun/2022:09:26:36 +0900] "GET / HTTP/1.1" 404 807
127.0.0.1 - - [20/Jun/2022:09:28:27 +0900] "GET / HTTP/1.1" 404 807
0:0:0:0:0:0:0:1 - - [20/Jun/2022:10:45:59 +0900] "GET /ServletTest/ex01.html HTTP/1.1" 404 832
0:0:0:0:0:0:0:1 - - [20/Jun/2022:10:45:59 +0900] "GET /favicon.ico HTTP/1.1" 404 818
0:0:0:0:0:0:0:1 - - [20/Jun/2022:10:46:38 +0900] "GET /ServletTest/ex01.html HTTP/1.1" 404 832
127.0.0.1 - - [20/Jun/2022:10:47:24 +0900] "GET / HTTP/1.1" 404 807
0:0:0:0:0:0:0:1 - - [20/Jun/2022:10:47:31 +0900] "GET /ServletTest/ex01.html HTTP/1.1" 200 186
0:0:0:0:0:0:0:1 - - [20/Jun/2022:10:47:31 +0900] "GET /ServletTest/ex01.html HTTP/1.1" 304 -
0:0:0:0:0:0:0:1 - - [20/Jun/2022:10:48:19 +0900] "GET /ServletTest/ex01.html HTTP/1.1" 304 -
0:0:0:0:0:0:0:1 - - [20/Jun/2022:10:48:19 +0900] "GET /ServletTest/ex01.html HTTP/1.1" 304 -
0:0:0:0:0:0:0:1 - - [20/Jun/2022:10:48:19 +0900] "GET /ServletTest/ex01.html HTTP/1.1" 304 -
127.0.0.1 - - [20/Jun/2022:10:52:27 +0900] "GET / HTTP/1.1" 404 807
0:0:0:0:0:0:0:1 - - [20/Jun/2022:10:52:29 +0900] "GET /ServletTest/ex01.html HTTP/1.1" 200 186
0:0:0:0:0:0:0:1 - - [20/Jun/2022:10:52:29 +0900] "GET /ServletTest/ex01.html HTTP/1.1" 304 -
0:0:0:0:0:0:0:1 - - [20/Jun/2022:10:52:29 +0900] "GET /ServletTest/ex01.html HTTP/1.1" 304 -
0:0:0:0:0:0:0:1 - - [20/Jun/2022:10:52:30 +0900] "GET /ServletTest/ex01.html HTTP/1.1" 304 -
0:0:0:0:0:0:0:1 - - [20/Jun/2022:10:52:30 +0900] "GET /ServletTest/ex01.html HTTP/1.1" 304 -
0:0:0:0:0:0:0:1 - - [20/Jun/2022:10:52:30 +0900] "GET /ServletTest/ex01.html HTTP/1.1" 304 -
0:0:0:0:0:0:0:1 - - [20/Jun/2022:10:52:30 +0900] "GET /ServletTest/ex01.html HTTP/1.1" 304 -
0:0:0:0:0:0:0:1 - - [20/Jun/2022:10:52:31 +0900] "GET /ServletTest/ex01.html HTTP/1.1" 304 -
0:0:0:0:0:0:0:1 - - [20/Jun/2022:10:52:32 +0900] "GET /ServletTest/ex01.html HTTP/1.1" 304 -
0:0:0:0:0:0:0:1 - - [20/Jun/2022:10:52:32 +0900] "GET /ServletTest/ex01.html HTTP/1.1" 304 -
0:0:0:0:0:0:0:1 - - [20/Jun/2022:10:52:36 +0900] "GET /ServletTest/ex01.html HTTP/1.1" 200 186
0:0:0:0:0:0:0:1 - - [20/Jun/2022:10:52:36 +0900] "GET /ServletTest/ex01.html HTTP/1.1" 304 -
0:0:0:0:0:0:0:1 - - [20/Jun/2022:10:52:36 +0900] "GET /ServletTest/ex01.html HTTP/1.1" 304 -
0:0:0:0:0:0:0:1 - - [20/Jun/2022:10:52:37 +0900] "GET /ServletTest/ex01.html HTTP/1.1" 304 -
0:0:0:0:0:0:0:1 - - [20/Jun/2022:10:52:37 +0900] "GET /ServletTest/ex01.html HTTP/1.1" 304 -
0:0:0:0:0:0:0:1 - - [20/Jun/2022:10:52:47 +0900] "GET /ServletTest/ex01.html HTTP/1.1" 304 -
0:0:0:0:0:0:0:1 - - [20/Jun/2022:10:52:48 +0900] "GET /ServletTest/ex01.html HTTP/1.1" 304 -
0:0:0:0:0:0:0:1 - - [20/Jun/2022:10:52:48 +0900] "GET /ServletTest/ex01.html HTTP/1.1" 304 -
127.0.0.1 - - [20/Jun/2022:10:53:28 +0900] "GET / HTTP/1.1" 404 807
0:0:0:0:0:0:0:1 - - [20/Jun/2022:10:53:35 +0900] "GET /ServletTest/ex01.html HTTP/1.1" 404 832
0:0:0:0:0:0:0:1 - - [20/Jun/2022:10:53:45 +0900] "GET /ServletTest/ex01.html HTTP/1.1" 200 186
0:0:0:0:0:0:0:1 - - [20/Jun/2022:10:54:32 +0900] "GET /ServletTest/ex01.html HTTP/1.1" 304 -
0:0:0:0:0:0:0:1 - - [20/Jun/2022:10:59:05 +0900] "GET /ServletTest/ex01.html HTTP/1.1" 200 186
127.0.0.1 - - [20/Jun/2022:11:29:34 +0900] "GET / HTTP/1.1" 404 807
0:0:0:0:0:0:0:1 - - [20/Jun/2022:11:29:34 +0900] "GET /ServletTest/servlet/com.test.servlet.Ex02 HTTP/1.1" 404 856
0:0:0:0:0:0:0:1 - - [20/Jun/2022:11:30:17 +0900] "GET /ServletTest/servlet/com.test.servlet.Ex02 HTTP/1.1" 404 856
127.0.0.1 - - [20/Jun/2022:11:40:24 +0900] "GET / HTTP/1.1" 404 807
0:0:0:0:0:0:0:1 - - [20/Jun/2022:11:40:45 +0900] "GET /ServletTest/ex01.html HTTP/1.1" 200 186
0:0:0:0:0:0:0:1 - - [20/Jun/2022:11:40:50 +0900] "GET /ServletTest/aaa HTTP/1.1" 200 117
0:0:0:0:0:0:0:1 - - [20/Jun/2022:11:40:52 +0900] "GET /ServletTest/aaa HTTP/1.1" 200 117
127.0.0.1 - - [20/Jun/2022:11:41:02 +0900] "GET / HTTP/1.1" 404 807
0:0:0:0:0:0:0:1 - - [20/Jun/2022:11:41:06 +0900] "GET /ServletTest/aaa HTTP/1.1" 200 117
127.0.0.1 - - [20/Jun/2022:11:42:48 +0900] "GET / HTTP/1.1" 404 807
0:0:0:0:0:0:0:1 - - [20/Jun/2022:11:42:48 +0900] "GET /ServletTest/aaa HTTP/1.1" 200 155
127.0.0.1 - - [20/Jun/2022:11:46:19 +0900] "GET / HTTP/1.1" 404 807
0:0:0:0:0:0:0:1 - - [20/Jun/2022:11:46:19 +0900] "GET /ServletTest/aaa HTTP/1.1" 200 156
0:0:0:0:0:0:0:1 - - [20/Jun/2022:11:46:29 +0900] "GET /ServletTest/aaa HTTP/1.1" 200 156
127.0.0.1 - - [20/Jun/2022:11:48:05 +0900] "GET / HTTP/1.1" 404 807
0:0:0:0:0:0:0:1 - - [20/Jun/2022:11:48:06 +0900] "GET /ServletTest/ex02 HTTP/1.1" 200 156
127.0.0.1 - - [20/Jun/2022:11:52:15 +0900] "GET / HTTP/1.1" 404 807
0:0:0:0:0:0:0:1 - - [20/Jun/2022:11:52:15 +0900] "GET /ServletTest/ex02.do HTTP/1.1" 200 156
127.0.0.1 - - [20/Jun/2022:11:58:46 +0900] "GET / HTTP/1.1" 404 807
0:0:0:0:0:0:0:1 - - [20/Jun/2022:11:58:46 +0900] "GET /ServletTest/ex02.do HTTP/1.1" 200 156
127.0.0.1 - - [20/Jun/2022:12:32:13 +0900] "GET / HTTP/1.1" 404 807
0:0:0:0:0:0:0:1 - - [20/Jun/2022:12:32:14 +0900] "GET /ServletTest/servlet/com.test.servlet.Ex03 HTTP/1.1" 404 856
127.0.0.1 - - [20/Jun/2022:12:33:21 +0900] "GET / HTTP/1.1" 404 807
0:0:0:0:0:0:0:1 - - [20/Jun/2022:12:33:21 +0900] "GET /ServletTest/ex03.do HTTP/1.1" 200 1704
127.0.0.1 - - [20/Jun/2022:12:33:48 +0900] "GET / HTTP/1.1" 404 807
0:0:0:0:0:0:0:1 - - [20/Jun/2022:12:33:48 +0900] "GET /ServletTest/ex03.do HTTP/1.1" 200 1454
127.0.0.1 - - [20/Jun/2022:12:35:47 +0900] "GET / HTTP/1.1" 404 807
0:0:0:0:0:0:0:1 - - [20/Jun/2022:12:35:48 +0900] "GET /ServletTest/ex03.do HTTP/1.1" 200 1454
0:0:0:0:0:0:0:1 - - [20/Jun/2022:12:38:26 +0900] "GET /ServletTest/ex03.do HTTP/1.1" 200 1454
0:0:0:0:0:0:0:1 - - [20/Jun/2022:12:38:34 +0900] "GET /ServletTest/ex03.do HTTP/1.1" 200 1454
127.0.0.1 - - [20/Jun/2022:12:38:58 +0900] "GET / HTTP/1.1" 404 807
0:0:0:0:0:0:0:1 - - [20/Jun/2022:12:38:59 +0900] "GET /ServletTest/ex03.do HTTP/1.1" 200 1454
0:0:0:0:0:0:0:1 - - [20/Jun/2022:12:40:11 +0900] "GET /ServletTest/ex03.do HTTP/1.1" 200 1454
0:0:0:0:0:0:0:1 - - [20/Jun/2022:12:40:36 +0900] "GET /ServletTest/ex03.do HTTP/1.1" 200 1454
127.0.0.1 - - [20/Jun/2022:15:36:21 +0900] "GET / HTTP/1.1" 404 807
0:0:0:0:0:0:0:1 - - [20/Jun/2022:15:36:21 +0900] "GET /ServletTest/ex04send.do HTTP/1.1" 200 248
0:0:0:0:0:0:0:1 - - [20/Jun/2022:15:36:23 +0900] "GET /ServletTest/ex04send.do? HTTP/1.1" 200 248
0:0:0:0:0:0:0:1 - - [20/Jun/2022:15:36:27 +0900] "GET /ServletTest/ex04send.do? HTTP/1.1" 200 248
127.0.0.1 - - [20/Jun/2022:15:38:13 +0900] "GET / HTTP/1.1" 404 807
0:0:0:0:0:0:0:1 - - [20/Jun/2022:15:38:14 +0900] "GET /ServletTest/ex04send.do HTTP/1.1" 200 298
0:0:0:0:0:0:0:1 - - [20/Jun/2022:15:38:15 +0900] "GET /ServletTest/ex04receive.do? HTTP/1.1" 200 -
0:0:0:0:0:0:0:1 - - [20/Jun/2022:15:38:18 +0900] "GET /ServletTest/ex04receive.do? HTTP/1.1" 200 -
127.0.0.1 - - [20/Jun/2022:15:41:23 +0900] "GET / HTTP/1.1" 404 807
0:0:0:0:0:0:0:1 - - [20/Jun/2022:15:41:24 +0900] "GET /ServletTest/ex04send.do HTTP/1.1" 200 321
127.0.0.1 - - [20/Jun/2022:15:41:39 +0900] "GET / HTTP/1.1" 404 807
0:0:0:0:0:0:0:1 - - [20/Jun/2022:15:41:39 +0900] "GET /ServletTest/ex04send.do HTTP/1.1" 200 321
127.0.0.1 - - [20/Jun/2022:16:00:52 +0900] "GET / HTTP/1.1" 404 807
0:0:0:0:0:0:0:1 - - [20/Jun/2022:16:00:53 +0900] "GET /ServletTest/ex04receive.do HTTP/1.1" 200 151
127.0.0.1 - - [20/Jun/2022:16:01:11 +0900] "GET / HTTP/1.1" 404 807
0:0:0:0:0:0:0:1 - - [20/Jun/2022:16:01:12 +0900] "GET /ServletTest/ex04receive.do HTTP/1.1" 200 189
127.0.0.1 - - [20/Jun/2022:16:02:36 +0900] "GET / HTTP/1.1" 404 807
0:0:0:0:0:0:0:1 - - [20/Jun/2022:16:02:36 +0900] "GET /ServletTest/ex04receive.do HTTP/1.1" 200 189
0:0:0:0:0:0:0:1 - - [20/Jun/2022:16:02:46 +0900] "GET /ServletTest/ex04send.do HTTP/1.1" 200 322
0:0:0:0:0:0:0:1 - - [20/Jun/2022:16:02:49 +0900] "POST /ServletTest/ex04receive.do HTTP/1.1" 405 829
127.0.0.1 - - [20/Jun/2022:16:03:00 +0900] "GET / HTTP/1.1" 404 807
0:0:0:0:0:0:0:1 - - [20/Jun/2022:16:03:00 +0900] "GET /ServletTest/ex04send.do HTTP/1.1" 200 321
0:0:0:0:0:0:0:1 - - [20/Jun/2022:16:03:03 +0900] "GET /ServletTest/ex04receive.do?name=%EC%95%84%EB%AC%B4%EA%B0%9C&age=22 HTTP/1.1" 200 192
127.0.0.1 - - [20/Jun/2022:16:08:10 +0900] "GET / HTTP/1.1" 404 807
0:0:0:0:0:0:0:1 - - [20/Jun/2022:16:08:10 +0900] "GET /ServletTest/ex04send.do HTTP/1.1" 200 322
0:0:0:0:0:0:0:1 - - [20/Jun/2022:16:08:12 +0900] "POST /ServletTest/ex04receive.do HTTP/1.1" 200 205
0:0:0:0:0:0:0:1 - - [20/Jun/2022:16:08:20 +0900] "POST /ServletTest/ex04receive.do HTTP/1.1" 200 195
127.0.0.1 - - [20/Jun/2022:16:08:35 +0900] "GET /ServletTest/ex04send.do HTTP/1.1" 200 321
127.0.0.1 - - [20/Jun/2022:16:08:35 +0900] "GET / HTTP/1.1" 404 807
127.0.0.1 - - [20/Jun/2022:16:08:36 +0900] "GET /ServletTest/ex04receive.do?name=%E3%85%8E%E3%85%87&age=22 HTTP/1.1" 405 825
0:0:0:0:0:0:0:1 - - [20/Jun/2022:16:29:39 +0900] "GET /JSPTest/ex01.jsp HTTP/1.1" 200 222
127.0.0.1 - - [20/Jun/2022:16:29:39 +0900] "GET / HTTP/1.1" 404 807
0:0:0:0:0:0:0:1 - - [20/Jun/2022:16:34:51 +0900] "GET /JSPTest/ex01.jsp HTTP/1.1" 200 325
0:0:0:0:0:0:0:1 - - [20/Jun/2022:16:34:59 +0900] "GET /JSPTest/ex01.jsp HTTP/1.1" 200 327
127.0.0.1 - - [20/Jun/2022:17:49:12 +0900] "GET / HTTP/1.1" 404 807
0:0:0:0:0:0:0:1 - - [20/Jun/2022:17:49:13 +0900] "GET /JSPTest/ex02_page_directive.jsp HTTP/1.1" 200 523
0:0:0:0:0:0:0:1 - - [20/Jun/2022:17:49:55 +0900] "GET /JSPTest/ex01.jsp HTTP/1.1" 200 407
0:0:0:0:0:0:0:1 - - [20/Jun/2022:17:52:39 +0900] "GET /JSPTest/ex01.jsp HTTP/1.1" 200 559
0:0:0:0:0:0:0:1 - - [20/Jun/2022:17:54:23 +0900] "GET /JSPTest/ex01.jsp HTTP/1.1" 200 434
